<!DOCTYPE html><html lang="en"><head><title>Hello World</title></head><body><h1>Hello World</h1><a class="anchor-button">test</a></body></html>