<!DOCTYPE html><html lang="en"><head><title>Hello World</title></head><body><h1>Hello World</h1><div class="field"><header></header><label>This is in the development environment<em class="tag optional">optional</em></label><div role="alert" class=" info"><header><h2 class="boxed">Test</h2></header><div>Test</div></div></div><a class="anchor-button">test</a></body></html>' == '<!DOCTYPE html><html lang="en"><head><title>Hello World</title></head><body><h1>Hello World</h1><div class="field"><header></header><label>Test<em class="tag optional">optional</em></label><div role="alert" class=" info"><header><h2 class="boxed">Test</h2></header><div>Test</div></div></div><a class="anchor-button">test</a></body></html>
